Running Gradle task 'assembleRelease'...                        
flutter : lib/features/provisioning/data/device_repository.dart:42:23: 
Error: The method '_handleError' isn't defined for the type 
'DeviceRepository'.
At line:1 char:1
+ flutter build apk --release > build_errors.txt 2>&1
+ ~~~~~~~~~~~~~~~~~~~~~~~~~~~~~~~~~~~~~~~~~~~~~~~~~~~
    + CategoryInfo          : NotSpecified: (lib/features/pr...iceRepositor 
   y'.:String) [], RemoteException
    + FullyQualifiedErrorId : NativeCommandError
 
 - 'DeviceRepository' is from 
'package:auto_tanki_app/features/provisioning/data/device_repository.dart' 
('lib/features/provisioning/data/device_repository.dart').
Try correcting the name to the name of an existing method, or defining a 
method named '_handleError'.
      throw Exception(_handleError(e));
                      ^^^^^^^^^^^^
Target kernel_snapshot_program failed: Exception


FAILURE: Build failed with an exception.

* What went wrong:
Execution failed for task ':app:compileFlutterBuildRelease'.
> Process 'command 'C:\flutter\bin\flutter.bat'' finished with non-zero 
exit value 1

* Try:
> Run with --stacktrace option to get the stack trace.
> Run with --info or --debug option to get more log output.
> Run with --scan to get full insights.
> Get more help at https://help.gradle.org.

BUILD FAILED in 51s
Running Gradle task 'assembleRelease'...                           51.7s
Gradle task assembleRelease failed with exit code 1
